// Jest Snapshot v1, https://goo.gl/fbAQLP

exports[`Check if Calculator is rendering Renders correctly 1`] = `
<div
  className="calculatorContainer"
>
  <div
    className="resultScreen"
  />
   
  <div
    className="calculatorButtons"
  >
    <button
      onClick={[Function]}
      type="button"
    >
      AC
    </button>
    <button
      onClick={[Function]}
      type="button"
    >
      +/-
    </button>
    <button
      onClick={[Function]}
      type="button"
    >
      %
    </button>
    <button
      onClick={[Function]}
      type="button"
    >
      รท
    </button>
    <button
      onClick={[Function]}
      type="button"
    >
      7
    </button>
    <button
      onClick={[Function]}
      type="button"
    >
      8
    </button>
    <button
      onClick={[Function]}
      type="button"
    >
      9
    </button>
    <button
      onClick={[Function]}
      type="button"
    >
      x
    </button>
    <button
      onClick={[Function]}
      type="button"
    >
      4
    </button>
    <button
      onClick={[Function]}
      type="button"
    >
      5
    </button>
    <button
      onClick={[Function]}
      type="button"
    >
      6
    </button>
    <button
      onClick={[Function]}
      type="button"
    >
      -
    </button>
    <button
      onClick={[Function]}
      type="button"
    >
      1
    </button>
    <button
      onClick={[Function]}
      type="button"
    >
      2
    </button>
    <button
      onClick={[Function]}
      type="button"
    >
      3
    </button>
    <button
      onClick={[Function]}
      type="button"
    >
      +
    </button>
    <button
      onClick={[Function]}
      type="button"
    >
      0
    </button>
    <button
      onClick={[Function]}
      type="button"
    >
      .
    </button>
    <button
      onClick={[Function]}
      type="button"
    >
      =
    </button>
  </div>
</div>
`;

exports[`Check if Calculator is rendering Renders correctly: 600 1`] = `
<div
  className="calculatorContainer"
>
  <div
    className="resultScreen"
  />
   
  <div
    className="calculatorButtons"
  >
    <button
      onClick={[Function]}
      type="button"
    >
      AC
    </button>
    <button
      onClick={[Function]}
      type="button"
    >
      +/-
    </button>
    <button
      onClick={[Function]}
      type="button"
    >
      %
    </button>
    <button
      onClick={[Function]}
      type="button"
    >
      รท
    </button>
    <button
      onClick={[Function]}
      type="button"
    >
      7
    </button>
    <button
      onClick={[Function]}
      type="button"
    >
      8
    </button>
    <button
      onClick={[Function]}
      type="button"
    >
      9
    </button>
    <button
      onClick={[Function]}
      type="button"
    >
      x
    </button>
    <button
      onClick={[Function]}
      type="button"
    >
      4
    </button>
    <button
      onClick={[Function]}
      type="button"
    >
      5
    </button>
    <button
      onClick={[Function]}
      type="button"
    >
      6
    </button>
    <button
      onClick={[Function]}
      type="button"
    >
      -
    </button>
    <button
      onClick={[Function]}
      type="button"
    >
      1
    </button>
    <button
      onClick={[Function]}
      type="button"
    >
      2
    </button>
    <button
      onClick={[Function]}
      type="button"
    >
      3
    </button>
    <button
      onClick={[Function]}
      type="button"
    >
      +
    </button>
    <button
      onClick={[Function]}
      type="button"
    >
      0
    </button>
    <button
      onClick={[Function]}
      type="button"
    >
      .
    </button>
    <button
      onClick={[Function]}
      type="button"
    >
      =
    </button>
  </div>
</div>
`;
