// Jest Snapshot v1, https://goo.gl/fbAQLP

exports[`Check home function Home function renders the content 1`] = `
<div
  className="homeContainer"
>
  <section
    className="homeSection"
  >
    <h2>
      Welcome to Math Magicians!
    </h2>
    <p>
      The repetition of calculations reduces interest in mathematics. Students tend to get bored when classes are based on the monotonous resolution of sheets and sheets full of exercises.
    </p>
    <p>
      When the objective is to develop general mathematical reasoning abilities or research of numerical patterns, the calculator is necessary to avoid spending minutes solving long operations. We do it different with the Magic Calculator as the protagonist which will enchanted you to make all your Math operations here once you try it.
    </p>
  </section>
</div>
`;
